Output of the commands practiced
MAN(1)
NAME
MAN(1)
man
- an interface to the system reference manuals
SYNOPSIS
man [man options] [[section] page
...l
man
-k apropos options] regexp
man
-K [man options] [section] term
man
[whatts options] page ...
man
- [man options] file
man
-W|-W [man options] page
DESCRIPTION
man
is
the system's manual pager.
Each page argument given to man is
normally the name of a program, utility or function.
The
manual
page
associated with each of these arguments is then found and displayed.
A
section, if provided,
if provided, will direct man to look Inly in that
section
of
the
manual.
The
default action is to search in all of the available
sections following a pre-defined order (see DEFAULTS), and to show only
the first page found, even if page exists in several sections.
The table below shows the section numbers of the manual followed by the
Manual page man(1) line 1 (press h for help or q to quit)
gabriela@gabriela-virtual-machine:/etc$cd
/home/gabriela
gabriela@gabriela-virtual-machine:$ cd home
bash: cd: home: No such file or directory
gabriela@gabriela-virtual-machine:$cd/home
gabriela@gabriela-virtual-machine:/home$cd
gabriela@gabriela-virtual-machine:-$ls
Desktop
Documents
Downloads
Music
pictures
gabriela@gabriela-virtual-machine:-$ls
-a
.bash history
.bashrc
.config
Documents
. bash_logout
•cache
Desktop
Downloads
gabriela@gabriela-virtual-machine:-$ls
-1
Desktop
Documents
Downloads
Music
Pictures
Public
snap
Templates
Videos
gabriela@gabriela-virtual-machine:$ ls -1 -h
Desktop
Documents
Downloads
Music
Pictures
Public
Isnap
Templates
Videos
gabriela@gabriela-virtual-machine:$ls-1h
gabriela@gabriela-virtual-machine:~/mydir$cd
gabriela@gabriela-virtual-machine:-$rmdirmydir
rndir: failed to remove
"mydir: Directory not empty
gabriela@gabriela-virtual-machine:$rmdirmydir/stuff
gabriela@gabriela-virtual-machine:-$rmdir/mydir
bash: rmdir/mydir: No such file or directory
gabriela@gabriela-virtual-machine:$
gabriela@gabriela-virtual-machine:-$rmdirmydir
gabriela@gabriela-virtual-machine:$mkdir
-p test42/subdir
gabriela@gabriela-virtual-machine:$rmdir
-p test42/subdir
gabriela@gabriela-virtual-machine:$pwd
/home/gabriela
gabriela@gabriela-virtual-machine:~$cd/etc
gabriela@gabriela-virtual-machine:/etc$
cd
gabriela@gabriela-virtual-machine:$cd/boot/grub
gabriela@gabriela-virtual-machine:/boot/grubscd
gabriela@gabriela-virtual-machine:/boot$cd/
bash: cd/: No such file or directory
gabriela@gabriela-virtual-machine:/boot$ cd /
gabriela@gabriela-virtual-machine:/$ls
bin boot
cdrom
dev
etc
home
lib
lost+found
media
mnt
lusp
var
gabriela@gabriela-virtual-machine:$ls-1
bin
boot
cdrom
dev
letc
home
lib
lost+found
media
opt
proc
root
run
sbin
snap
srv
swapfile
sys
tmp
gabriela@gabriela-virtual-machine:~$mandb
© man subdirectories contained newer manual pages.
© manual pages were added.
© stray cats were added.
© old database entries were purged.
gabriela@gabriela-virtual-machine:-$
gabriela@gabriela-virtual-machine:$whereis
-m whois
whois:
gabriela@gabriela-virtual-machine:~$ whatis route
tc-route (8)
route traffic control filter
gabriela@gabriela-virtual-machine:~$pwd
/home/gabriela
gabriela@gabriela-virtual-machine:~$cd/etc
bash: cd/etc: No such file or directory
gabriela@gabriela-virtual-machine:$pwd
/home/gabriela
gabriela@gabriela-virtual-machine:$cd/bin
gabriela@gabriela-virtual-machine:/bin$
gabriela@gabriela-virtual-machine:/bin$pwd/etc
/bin
gabriela@gabriela-virtual-machine:/bin$pwd/bin
/bin
gabriela@gabriela-virtual-machine:/bin$cd/home/gabriela/
gabriela@gabriela-virtual-machine:-$pwd
/home/gabriela
gabriela@gabriela-virtual-machine:-$cd
gabriela@gabriela-virtual-machine:/home$cd
~
gabriela@gabriela-virtual-machine:~$ cd /etc
gabriela@gabriela-virtual-machine:/etc$
ls: cannot access
No such file or directory
ls: cannot access
11h
": NO
such file or directory
gabriela@gabriela-virtual-machine:~$ mkdir mydir
gabriela@gabriela-virtual-machine:-$cd mydir
gabriela@gabriela-virtual-machine:~/mydir$ls-al
total 8
drwxrwxr-X
2 gabriela gabriela 4096 Oct 25 09:53
drwxr-x--- 17 gabriela gabriela 4096 Oct 25 09:53
gabriela@gabriela-virtual-machine:~/mydir$mkdirstuff
gabriela@gabriela-virtual-machine:~/mydir$otherstuff
otherstuff: command not found
gabriela@gabriela-virtual-machine:~/mydir$mkdirotherstuff
gabriela@gabriela-virtual-machine:~/mydir$ls
-1
otherstuff
stuff
gabriela@gabriela-virtual-machine:~/mydir$ls
-1
otherstuff
stuff
gabriela@gabriela-virtual-machine:~/mydir$ls-1
ls-1: command not found
gabriela@gabriela-virtual-machine:~/mydir$ls-1
otherstuff
stuff
gabriela@gabriela-virtual-machine:~/mydir$rmdirotherstuff
gabriela@gabriela-virtual-machine:~/mydir$cd
gabriela@gabriela-virtual-machine:-$rmdirmydir
rmdir: failed to remove
'mydir': Directory not empty
gabriela@gabriela-virtual-machine:-$rmdirmydir/stuff
gabriela@gabriela-virtual-machine:$rmdir/mydir
bash: rmdir/mydir: No such file or directory
gabriela@gabriela-virtual-machine:$
gabriela@gabriela-virtual-machine:$rmdirmydir
mnt
lopt
proc
root
run
sbin
snap
srv
swapfile
SVS
Itmp
lusr
var
gabriela@gabriela-virtual-machine:$ls/etc
adduser.conf
debian version
adduser.conf.dpkg-save
debuginfod
alternatives
default
anacrontab
deluser.conf
apg.conf
depmod.d
lapm
dhcp
lapparmor
dictionaries-common
apparmor.d
dpkg
apport
e2scrub.conf
appstream.conf
emacs
lapt
environment
lavahil
environment.d
bash. bashre
ethertypes
bash completion
fonts
bash completion.
d
fprintd.conf
bindresvport.blacklist
fstab
binfmt.d
fuse.conf
bluetooth
fwund
hostname
machine-id
hosts
magic
hosts.allow
magic.mime
hosts.deny
mailcap
ho
mailcap.order
ifplugd
manpath.config
init
mime. types
init.d
mke2fs. conf
initranfs-tools
ModemManager
inputre
modprobe.d
insserv.conf.d
modules
ioD-usb
modules-load.d
iproute?
mtab
issue
nanorc
issue.net
netconfia
kernel
netplan
kernel-ima.conf
network
kerneloops.conf
networkd-dispatcher
polkit-1
ppp
profile
profile.
A
protocols
pulse
Pythons I
python3.10
rco-d
rclad
rc2.d
rc3.d
rea.d
rc5.d
rc6-d
res-d
resolv.conf
rmt
subgid
subgid-
subuid
subuid-
sudo.conf
sudoers
sudoers.d
sudo logsrvd.conf
sysctl.conf
sysctl.d
systend
terminfo
timezone
tmpfiles.d
ubuntu-advantage
ucf.conf
udev
udisks2
brlapi.key
brltty
brltty.conf
ca-certificates
ca-certificates.conf
chatscripts
console-setup
cracklib
cron.d
cron.daily
cron. hourly
cron.monthly
crontab
cron.weekly
cups
cupshelpers
dbus-1
d
gai.conf
gdb
gdm3
geoclue
ghostscript
glund
gnome
groff
group
group-
grub.d
gshadow
gshadow-
gss
gtk-2.0
atk-3.0
hdparm.conf
ldap
ld.so.cache
ld.so.conf
ld.so.conf.d
legal
libao.conf
libaudit.conf
libblockdev
libnl-3
libpaper.d
libreoffice
locale.alias
locale.gen
localtime
logcheck
login.defs
logrotate.conf
dconf
host.conf
logrotate.d
debconf.conf
hostid
lsb-release
gabriela@gabriela-virtual-machine:$ ls /bin /sbin
/bin:
aa-enabled
aa-exec
aa-features-abi
aarch64-linux-anu-cpp
aarch64-linux-anu-CDD-12
ast-tester-1.0
gst-typefind-1.0
gtbl
gted
gtf
atk4-broadwavd
NetworkManager
networks
newt
nftables.conf
nsswitch.conf
openvpn
opt
os-release
PackageKit
Dam.conf
pan.d
Dapersize
passwd
passwd.
pcncia
Deri
pki
DM
pnm2ppa.conf
roC
rsyslog.conf
rsyslog.
d
rygel.conf
sane.d
security
selinux
sensors3.conf
sensors.d
services
saml
shadow
shadow-
shells
skel
SAnD
speech-dispatcher
ssh
ssl
pw-midirecord
DW-Mon
pw-play
pw-profiler
ow-record
ow-reserve
ufw
update-manager
update-motd.
update-notifier
UPower
usb modeswitch.conf
usb modeswitch.d
vin
vtrgb
vulkan
wgetrc
wpa_supplicant
X11
xattr.conf
xml
zsh command not four
aa-exec
aa-features-abi
aarch64-linux-gnu-cpp
aarch64-linux-gnu-cpp-12
aarch64-linux-gnu-run
aconnect
add-apt-repository
addpart
airscan-discover
alsabat
alsaloop
alsamixer
alsatplg
alsaucm
amidi
amixer
apg
apgbfm
aplay
aplaymidt
apport-bug
apport-cli
apport-collect
apport-unpack
appres
appstreancli
apropos
apt
apt-add-repository
apt-cache
apt-cdrom
apt-config
gtbl
gted
gtf
gtk4-broadwayd
gtk4-builder-tool
gtk4-encode-symbolic-svg
gtk4-launch
gtk4-query-settings
gtk4-update-icon-cache
gtk-builder-tool
gtk-encode-symbolic-svg
gtk-launch
gtk-query-settings
gtk-update-icon-cache
gunzip
gzexe
gzip
h2ph
h2xs
hardlink
hbpldecode
hctattach
hetconfig
hcitool
hd
head
HEAD
helpztags
hexzhed
hexdump
hipercdecode
host
pw-play
pw-profiler
pw-record
pw-reserve
pw-top
py3clean
py3compile
py3versions
Pydoc3
pydoc3.10
pygettext3
pygettext3.10
Python3
python3.10
pzstd
qmicli
qmi-firmware-update
qmi-network
aptdcon
apt-extracttemplates
apt-ftparchive
apt-get
apt-key
apt-mark
apt-sortpkgs
arch
arecord
arecordmidi
arm2hpdl
aseqdump
asegnet
aspell
aspell-import
atobm
avahi-browse
avahi-browse-domains
avahi-publish
avaht-publish-address
avahi-publish-service
avahi-resolve
avahi-resolve-address
avahi-resolve-host-name
avahi-set-host-name
avinfo
awk
axfer
b2suM
base32
base64
basename
hostid
hostname
hostnamectl
hp-align
hp-check
hp-clean
hp-colorcal
hp-config_usb_printer
hp-doctor
hp-firmware
hp-info
hp-levels
hp-logcapture
hp-makeurt
hp-pkservice
hp-plugin
hp-plugin-ubuntu
hp-probe
hp-query
hp-scan
hp-setup
hp-testpage
hp-timedate
hwe-support-status
ibus
ibus-daemon
ibus-setup
ibus-table-createdb
iceauth
ico
iconv
id
resolvectl
rev
rfcomm
rgrep
rlogin
redir
rnano
routef
routel
rrsync
rsh
rstart
rstartd
rsync
rsync-ssl
rtstat
runcon
run-mailcap
run-parts
run-with-aspell
rview
rygel
sane-find-scanner
savelog
sbattach
sbkeysync
sbsiglist
sbsign
sbvarsign
sbverify
scanimage
basenc
bash
bashbug
be
bdftopcf
bdftruncate
bitmap
bluemoon
bluetoothctl
bluetooth-sendto
bmtoa
boltctl
brltty
brltty-atb
brltty-clip
brltty-ctb
brltty-hid
brltty-ktb
brltty-lsends
brltty-morse
brltty-trtxt
brltty-ttb
brltty-tune
broadwayd
browse
btattach
btngmt
btmon
bunzipz
busctl
busybox
bwrap
tecset
ijs_pxljr
im-config
in-launch
info
infobrowser
infocmp
infotocap
inputattach
install
install-info
install-printerdriver
instmodsh
ionice
ip
ipcnk
ipcrm
ipcs
ippfind
ipptool
iptables-xml
ischroot
isdv4-serial-debugger
isdv4-serial-inputattach
ispell-wrapper
join
journalctl
jpgicc
ja
json pp
kbdinfo
kbd mode
SCP
scp-dbus-service
screendump
script
scriptlive
scriptreplay
sdiff
sdptool
seahorse
sed
see
select-default-iwrap
select-editor
sensible-browser
sensible-editor
sensible-pager
seq
session-migration
sessreg
setarch
setfacl
setfont
setkeycodes
setleds
setlogcons
setmetamode
setpci
setpriv
setsid
setterm
setupcon
setxkbmap
bzcat
bzemp
bzdiff
bzegrep
bzexe
bzfgrep
bzgrep
bzipz
bzipzrecover
bzless
bzmore
calibrate ppa
canberra-gtk-play
cancel
captoinfo
cat
catman
cautious-launcher
cd-create-profile
cd-fix-profile
cd-iccdump
cd-it8
chacl
chage
chardet
chardetect
chattr
chcon
check-language-support
chfn
chgrp
chmod
kbxutil
kernel-install
kerneloops-submit
keyring
kill
killall
kmod
kmodsign
12ping
l2test
laptop-detect
last
lastb
lastlog
lavadecode
lef
Idd
less
lessecho
lessfile
lesskey
lesspipe
lexgrog
libnetcfg
link
linkicc
linux32
linux64
linux-boot-prober
linux-check-removal
linux-update-symlinks
linux-version
sftp
sg
sh
sha1sum
sha224sum
sha256sum
sha384sum
sha512sum
shasum
showconsolefont
showkey
showrgb
shred
shuf
skill
slabtop
sleep
slogin
slxdecode
smproxy
snap
snapctl
snapfuse
snice
soelim
software-properties-gtk
sort
spa-acp-tool
spa-inspect
spa-json-dump
spa-monitor
spa-resample
choom
chown
chrt
chsh
chvt
ciptool
ckbcomp
cksum
clear
clear console
cMP
codepage
col
colert
colorngr
colrm
column
CoMM
compose
corelist
CP
cpan
cpan5.34-aarch64-linux-gnu
cpio
Cpp
cpp-12
c rehash
crontab
csplit
ctstat
cupstestppd
cut
listres
In
Instat
loadkeys
loadunimap
locale
locale-check
localectl
localedef
logger
login
loginctl
logname
Look
lowntfs-3g
IP
lpoptions
lpq
lpr
lprm
lpstat
Ls
lsattr
lsblk
lsb release
Iscpu
lsfd
Ishw
lsinitranfs
lsipc
lsirq
lslocks
spd-conf
spd-say
spdsend
speaker-test
speech-dispatcher
spice-vdagent
splain
split
splitfont
sqfscat
sqfstar
sS
ssh
ssh-add
ssh-agent
ssh-argv0
ssh-copy-id
ssh-keygen
ssh-keyscan
startx
stat
static-sh
stdbuf
strace
strace-log-merge
streanzip
stty
sU
sudo
sudoedit
sudoreplay
SUM
cvtsudoers
dash
date
dbus-cleanup-sockets
dbus-daemon
dbus-monitor
dbus-run-session
dbus-send
dbus-update-activation-environment
dbus-uuidgen
dbxtool
de
dconf
dd
ddstdecode
deallocvt
debconf
debconf-apt-progress
debconf-communicate
debconf-copydb
debconf-escape
debconf-set-selections
debconf-show
debian-distro-info
deb-systend-helper
deb-systend-invoke
delpart
delv
desktop-file-edit
desktop-file-install
desktop-file-validate
df
Lsmen
Ismod
lsns
lsof
Ispci
lspgpot
lspower
lsusb
luit
lwp-download
Lwp-dump
lwp-mirror
lwp-request
lzcat
lzdiff
lzegrep
lzfgrep
lzgrep
lzless
izma
lzmainfo
lzmore
m2300W
m2300w-wrapper
m2400W
Man
mandb
manpath
man-recode
mapscrn
mawk
sync
system-config-printer
system-config-printer-applet
systemctl
systend
systend-delta
systend-detect-virt
systend-haltine.1d-setup
systend-mount
systend-notify
systend-path
systend-repart
systend-socket-activate
systemd-stdio-bridge
systend-sysext
systend-sysusers
systend-tmpfiles
systend-tty-ask-password-agent
dru-tool
dh_bash-completion
dh installxmlcatalogs
dh perl openssl
diff
diff3
dig
dir
dircolors
dirmngr
dirmngr-client
dirname
distro-info
dmesg
dnsdomainname
domainname
do-release-upgrade
dpkg
dpkg-deb
dpkg-divert
dpkg-maintscript-helper
dpkg-query
dpkg-realpath
dpkg-split
dpkg-statoverride
dpkg-trigger
driverless
driverless-fax
du
dumpkeys
duipdf
echo
MoLMCli
mbim-network
mcookie
md5sum
md5sum. textutils
ndig
mesa-overlay-control.py
mesg
migrate-pubring-from-classic-gpg
mimeopen
mimetype
min12xxw
nkdir
nkfifo
nkfontdir
mkfontscale
mk modmap
nknod
mksquashfs
mktemp
mncli
monitor-sensor
more
mount
mountpoint
mousetweaks
mscompress
msexpand
nt
mt-gnu
mtr
mtr-packet
tabs
tac
tail
tar
taskset
tbl
telsh
tclsh8.6
tcpdump
tee
telnet
telnet.netkit
tempfile
test
tic
tificc
time
timedatectl
timeout
tload
tnftp
toe
top
touch
tput
tr
tracepath
tracker3
transicc
transset
troff
true
edit
editor
editres
efibootdump
efibootngr
egrep
eject
encaxs
encguess
enchant-2
enchant-lsmod-2
env
envsubst
eog
epszeps
eqn
esc-n
eutp
evince
evince-previewer
evince-thumbnatler
ex
expand
expiry
expr
factor
faillog
fallocate
false
fc-cache
fc-cat
fc-conflist
namei
nano
nautilus
nautilus-autorun-software
nawk
ne
nc. openbsd
negn
netcat
networkctl
networkd-dispatcher
newgrp
ngettext
nice
nisdomainname
nl
nm-applet
nncli
nm-connection-editor
nm-online
nntui
nntui-connect
nmtui-edit
nntui-hostname
nohup
notify-send
nproc
nroff
nsenter
ns lookup
nstat
nsupdate
trust
tset
tsort
tty
tzselect
ual
ubuntu-advantage
ubuntu-bug
ubuntu-core-launcher
ubuntu-distro-info
ubuntu-drivers
ubuntu-report
ubuntu-security-status
ucf
ucfg
ucfr
uclampset
ucszany
udevadm
udisksctl
ul
umax_pp
umount
uname
unattended-upgrade
unattended-upgrades
uncompress
unexpand
unicode start
unicode stop
uniq
unitv-scope-loader
fc-list
fc-match
fc-pattern
fc-query
fc-scan
fc-validate
fgconsole
fgrep
file
filezbrl
file-roller
fincore
find
findmnt
firefox
flock
fnt
fold
fonttosfnt
foozddst
foozddst-wrapper
foozhbpl2
foozhbpl2-wrapper
foozhiperc
foozhiperc-wrapper
foozho
foozhp2600-wrapper
foozlava
foozlava-wrapper
foozoak
foozoak-wrapper
ntfs-3g
ntfs-3g.probe
ntfscat
ntfscluster
ntfscmp
ntfsdecrypt
ntfsfallocate
ntfsfix
ntfsinfo
ntfsls
ntfsmove
ntfsrecover
ntfssecaudit
ntfstruncate
ntfsusermap
ntfswipe
numfnt
nvidia-detector
oakdecode
obexctl
oclock
od
oem-getlogs
on_ac_power
oomctl
open
openssl
openvt
opldecode
orca
orca-dm-wrapper
unlink
unlzma
unmkinitranfs
unshare
unsquashfs
unXz
unzip
unzipsfx
unzstd
update-alternatives
update-desktop-database
update-manager
update-mime-database
update-notifier
upower
uptime
usb-devices
usbhid-dump
usb printerid
usbreset
users
utmpdump
uuidgen
uuidparse
vdir
vi
view
viewres
vin.tiny
unstat
ustp
foozqpdl-wrapper
foozslx
foozslx-wrapper
foozxqx
foozxqx-wrapper
foozzjs
foozzis-iccaps
foozzjs-pstops
foozzjs-wrapper
foomatic-rip
fprintd-delete
fprintd-enroll
fprintd-list
fprintd-verify
free
ftp
funzip
fuser
fusermount
fusermount3
fwupdagent
fwupdate
fwupdmar
fwupdtool
gamemoded
gamma4scanimage
gapplication
gatttool
gcalcend
gcore
ger-viewer
oS-proper
p11-kit
pacat
pacnd
pactl
padsp
pager
pa-info
pamon
paperconf
paplay
parec
parecord
partx
passwd
paste
pasuspender
patch
pathchk
pax11publish
pdb3
pdb3.10
pdfzdsc
pdf2ps
pdfattach
pdfdetach
pdffonts
pdfimages
pdfinfo
pdfseparate
pdfsig
pdftocairo
W
wall
watch
watchgnupg
WC
wdctl
wget
whatis
whereis
which
which.debtanutils
whiptail
who
whoamt
whoopsie
whoopste-preferences
wireplumber
word-list-compress
wpa_passphrase
wpctl
wpexec
write
X
X11
x11perf
x11perfcomp
xargs
xauth
xbiff
xbrlapt
xcalc
xclipboard
gdb
gdb-add-index
gdbtut
gdbus
gdialog
gdk-pixbuf-csource
gdk-pixbuf-pixdata
gdk-pixbuf-thumbnailer
gdmflexiserver
gdm-screenshot
geqn
GET
getconf
getent
getfacl
getkeycodes
getopt
gettext
gettext.sh
ghostscript
ginstall-info
gio
gio-querymodules
gipddecode
gis
gjs-console
gkbd-keyboard-display
glib-compile-schemas
gnome-calculator
gnome-characters
gnome-control-center
gnome-disk-image-mounter
pdftohtnl
pdftoppm
pdftops
pdftotext
pdfunite
peekfd
perl
perl5.34.0
perl5.34-aarch64-linux-gnu
perlbug
perldoc
perli11ndoc
perlivp
perlthanks
pfzafm
pfbtopfa
pgrep
pic
pico
piconv
pidof
pidwait
pinentry
pinentry-curses
pinentry-gnome3
pinentry-x11
ping
ping4
ping6
pinky
pipewire
pipewire-avb
xclock
xcmsdb
xconsole
xcursorgen
xcutsel
xdg-dbus-proxy
xdg-desktop-icon
xdg-desktop-menu
xdg-email
xdg-icon-resource
xdg-mime
xdg-open
xdg-screensaver
xdg-settings
xdg-user-dir
xdg-user-dirs-gtk-update
xdg-user-dirs-update
xditview
xdpyinfo
xdriinfo
xedit
Xephyr
xev
xeyes
xfd
xfontsel
xgamma
xgc
xhost
xinit
xinput
×kbbell
gnome-disks
gnome-extensions
gnome-font-viewer
gnome-help
gnome-keyring
gnome-keyring-3
gnome-keyring-daemon
gnome-language-selector
gnome-logs
gnome-power-statistics
gnome-session
gnome-session-inhibit
gnome-session-properties
gnome-session-quit
gnome-shell
gnome-shell-extension-tool
gnome-shell-perf-tool
gnome-system-monitor
gnome-terminal
gnome-terminal.real
gnome-terminal.wrapper
gnome-text-editor
gnome-thumbnail-font
gnome-www-browser
gpasswd
gpg
gpg-agent
gpgcompose
gpgconf
gpg-connect-agent
gpgparsemail
apasn
pipewire-pulse
pkaction
pkcheck
pkcon
pkexec
pkill
pkmon
pkttyagent
pl2pm
plod
plog
plymouth
pmap
pnm2ppa
podzhtml
podzman
podztext
podzusage
podchecker
poff
pon
POST
powerprofilesctl
ppdc
ppdhtml
Ppdi
ppdmerge
ppdpo
pphs
pr
precat
preconv
xkbcomp
xkbevd
xkbprint
xkbvleds
xkbwatch
xkeystone
xkill
xload
XLogo
xlsatons
xlsclients
xlsfonts
xmag
xman
xmessage
xmodmap
xmore
Xorg
xprop
xqxdecode
xrandr
xrdb
xrefresh
x-session-manager
xset
xsetmode
xsetpointer
xsetroot
xsetwacon
XSM
xstdcmap
XSubpp
gpgsplit
gpgtar
gpgv
gpg-wks-server
gpg-zip
gpic
grdctl
grep
gresource
groff
grog
grops
grotty
groups
grub-editenv
grub-file
grub-fstest
grub-glue-eft
grub-kbdcomp
grub-menulstzcfg
grub-mkfont
grub-mkimage
grub-nklayout
grub-mknetdir
grub-mkpasswd-pbkdf2
grub-mkrelpath
grub-nkrescue
grub-nkstandalone
grub-mount
grub-render-label
grub-script-check
grub-syslinuxzcfg
preunzip
prezip
prezip-bin
print
printafm
printenv
printer-profile
printf
prlimit
pro
prove
prtstat
pS
ps2ascit
ps2epsi
ps2pdf
ps2pdf12
ps2pdf13
ps2pdf14
ps2pdfwr
ps2ps
ps2ps2
ps2txt
psfaddtable
psfgettable
psfstriptable
psfxtable
psicc
pslog
pstree
pstree.x11
ptar
x-terminal-emulator
xvidtune
xvinfo
Xwayland
Xwd
xwininfo
xwud
x-www-browser
xxd
XZ
xzcat
XZCMP
xzdiff
xzegrep
xzfgrep
xzgrep
xzless
xzmore
yelp
yes
ypdomainname
zcat
zcmp
zdiff
zdump
zegrep
zenity
zfgrep
force
zgrep
zip
zipcloak
gs
gsbj
gsdj
gsdj500
gsettings
gslj
gslp
gsnd
gst-device-monitor-1.0
gst-discoverer-1.0
gst-inspect-1.0
gst-launch-1.0
gst-play-1.0
gstreamer-codec-install
gst-stats-1.0
/sbin:
aa-remove-unknown
aa-status
aa-teardown
accessdb
addgnupghome
addgroup
add-shell
adduser
agetty
alsa
alsabat-test
alsactl
alsa-info
anacron
apparmor parser
dmidecode
dnsetup
dmstats
dnsmasq
dosfsck
dosfslabel
dpkg-preconfigure
dpkg-reconfigure
dumpezfs
e2freefrag
ezfsck
e2image
ezlabel
e2mmpstatus
e2scrub
ptardiff
ptargrep
ptx
pw-cat
pw-cli
Pwd
ow-dot
pw-dsdplay
pw-dump
pwdx
pw-link
pw-loopback
pw-metadata
pw-mididump
pw-midiplay
install-sgmlcatalog
invoke-rc.d
ip
ip6tables
ip6tables-apply
ipotables-legacy
ipótables-legacy-restore
ip6tables-legacy-save
ip6tables-nft
ipótables-nft-restore
ip6tables-nft-save
ipotables-restore
ip6tables-restore-translate
ip6tables-save
ip6tables-translate
zipdetails
zipgrep
zipinfo
zipnote
zipsplit
zisdecode
zless
zmore
znew
zstd
zstdcat
zstdgrep
zstdless
zstdmt
mkntfs
mkswap
ModemManager
modinfo
modorobe
mount. fuse
mount. fuse3
mount. lowntfs-3g
mount.ntfs
mount.ntfs-3g
netplan
NetworkManager
newusers
nfnl_osf
oft
sgdisk
shadowconfig
shutdown
spice-vdagentd
start-stop-daemon
sudo_logsrvd
sudo_sendlog
sulogin
swaplabel
swapoff
swapon
switch root
sysctl
tarcat
tc
apparmor status
applygnupgdefaults
aptd
arpd
arptables
arptables-nft
arptables-nft-restore
arptables-nft-save
arptables-restore
arptables-save
aspell-autobuildhash
avahi-autoipd
avahi-daemon
badblocks
t
blkdeactivate
ll
blkdiscard
pell
blkid
blkzone
blockdev
bluetoothd
bridge
brltty
brltty-setup
capsh
cfdisk
cgdisk
chat
chcpu
chapasswd
e2scrub all
ezundo
e4crypt
e4defrag
ebtables
ebtables-nft
ebtables-nft-restore
ebtables-nft-save
ebtables-restore
ebtables-save
faillock
fatlabel
fdisk
filefrag
findfs
fixparts
fsck
fsck.cramfs
fsck.extz
fsck.ext3
fsck.ext4
fsck.fat
fsck.minix
fsck.msdos
fsck.vfat
fsfreeze
fstab-decode
fstrim
gdisk
ippeveprinter
ipp-usb
iptables
iptables-apply
iptables-legacy
iptables-legacy-restore
iptables-legacy-save
iptables-nft
iptables-nft-restore
iptables-nft-save
iptables-restore
iptables-restore-translate
iptables-save
iptables-translate
irqbalance
irqbalance-ut
isosize
ispell-autobuildhash
iwconfig
iwevent
iwgetid
iwlist
iwpriv
iwspy
kbdrate
kerneloops
killalls
ldattach
ldconfig
nologin
ntfsclone
ntfscp
ntfslabel
ntfsresize
ntfsundelete
on_ac_power
openvpn
pam-auth-update
pam extrausers chkowd
pam_extrausers_update
pan getenv
pam_namespace helper
pan_ timestamp check
paperconfig
parted
partprobe
pccardctl
pivot_root
plymouthd
poweroff
pppd
pppdump
pppoe-discovery
pppstats
pptp
pptpsetup
pwck
pwconv
telinit
tipc
tunezfs
tzconfig
ufw
umount.udisksz
unix chkowd
unix update
update-ca-certificates
update-catalog
update-cracklib
update-default-aspell
update-default-ispell
update-default-wordlis
update-dictcommon-aspe
update-dictcommon-huns
update-fonts-alias
update-fonts-dir
update-fonts-scale
update-grub
update-grubz
update-gsfontmap
update-icon-caches
update-inetd
update-info-dir
update-initranfs
update-locale
update-mime
update-passwd
chmem
chpasswd
chroot
cpgr
cppw
cracklib-check
her
cracklib-format
cracklib-packer
cracklib-unpacker
create-cracklib-dict
cron
ctrlaltdel
cupsaccept
cups-browsed
cupsctl
cupsd
cupsdisable
cupsenable
cupsfilter
cupsreject
deb
debugfs
delgroup
deluser
depmod
devlink
dhclient
dhclient-script
gdm3
genl
getcap
getpcaps
getty
getweb
gnome-menus-blacklist
groupadd
groupdel
groupmens
groupmod
grpck
grpconv
grpunconv
grub-install
grub-macbless
grub-mkconfig
grub-mkdevicemap
grub-probe
grub-reboot
grub-set-default
halt
hdparm
hwelock
iconvconfig
init
insmod
installkernel
ldconfig.real
locale-gen
logrotate
logsave
Losetup
lpadmin
lpc
lpinfo
lpmove
Ismod
Ispcncia
make-ssl-cert
mkdosfs
mkezfs
nkfs
nkfs. bfs
nkfs.cramfs
mkfs.extz
nkfs.ext3
nkfs.ext4
nkfs.fat
mkfs.minix
mkfs.msdos
mkfs.ntfs
mkfs.vfat
mkhomedir helper
mkinitramfs
nklost+found
pwhistory_helper
pwunconv
readprofile
reboot
remove-default-ispell
remove-default-wordlist
update-pciids
update-rc.d
update-shells
update-xmlcatalog
usb modeswitch
usb_modeswitch_dispatc
remove-shell
usbmuxd
resizezfs
useradd
resolvconf
userdel
rfkill
usermod
remod
uuidd
int
validlocale
rnt-tar
vestime
rsyslogd
vdpa
rtacct
vigr
rtcwake
vipw
rtkitctl
visudo
rtmon
wipefs
I
runlevel
wpa action
runuser
wpa_clt
saned
wpa_supplicant
select-default-ispell
xtables-legacy-multi
select-default-wordlist
xtables-monitor
service
xtables-nft-multi
setcap
zic
setvesablank
zranctl
gabriela@gabriela-virtual-machine:$ls
Desktop
Documents
Downloads
Music
Pictures
Public
snap
Templates
Videos
gabriela@gabriela-virtual-machine:/Sls
-al
total 80
drwxr-x-•
•- 16 gabriela gabriela 4096 Oct 25 09:56
drwxr-xr-x
3 root
root
4096 Oct 14 22:09
-W•
1 gabriela gabriela
259 Oct 15 14:29
.bash history
-W-r
1 gabriela gabriela
220 Oct 14 22:09
bash logout
-W.
1 gabriela gabriela 3771 Oct 14 22:09
.bashrc
drwx
10 gabriela gabriela 4096 Oct 15 14:17
.cache
drwx
10 gabriela gabriela 4096 Oct 14 22:19
.config
drwxr-Xr-X
2 gabriela gabriela 4096 Oct 14 22:15 Desktop
drwxr-xr-x
2 gabriela gabriela 4096 Oct 14 22:15 Documents
drwxr-xr-x
2 gabriela gabriela 4096 Oct 14 22:15 Downloads
drwx-
2 gabriela gabriela 4096 Oct 14 22:19
.gnupg
drwx:
4 gabriela gabriela 4096 Oct 14 22:15
.local
drwxr-xr-x
2 gabriela gabriela 4096 Oct 14 22:15 Music
drwxr-xr-X
2 gabriela gabriela 4096 Oct 14 22:15 Pictures
-w-r--f.
1 gabriela gabriela
807 Oct 14 22:09
.profile
drwxr-xr
- X
2 gabriela gabriela 4096 Oct 14 22:15 Public
drwx-
4 gabriela gabriela 4096 Oct 14 22:16 snap
drwx-
2 gabriela gabriela 4096 Oct 14 22:19
.ssh
drwxr-xr-X
2 gabriela gabriela 4096 Oct 14 22:15 Templates
drwxr-xr-X
2 gabriela gabriela 4096 Oct 14 22:15 Videos
gabriela@gabriela-virtual-machine:$ls
-lh /boot
total 175M
-w-r--f.
1 root root 305K Oct 12
2022 config-5.19.0-21-generic
-w-r--f
1
root root 310K Sep
4 05:20 config-6.2.0-34-generic
drwx-
3 root root
16K Dec 31
1969 eft
drwxr-xr-x 5 root root 4.0K Oct 14 22:13 grub
Irwxrwxrwx 1 root root
27 Oct 14 22:12
initrd.ing
-
initrd.imq-6.2.0-34-generic
drwxr-xr-x 5 root root 4.0K Oct 14 22:13 grub
rwxrwxrwx 1 root root
27 Oct 14 22:12 initrd.img
-> initrd.img-6.2.0-34-generic
-W=.
- =
1 root root
68M Oct 14 22:12 initrd.img-5.19.0-21-generic
-W-f
- .
1 root root
64M Oct 14 22:13 initrd.img-6.2.0-34-generic
Irwxrwxrwx 1 root root
28 Oct 14 22:07 initrd.img.old
-> initrd.img-5.19.0-21-generic
1 root root 7.0M Oct 12
2022 System.map-5.19.0-21-generic
1 root root 6.0M Sep
4 05:20 System.map-6.2.0-34-generic
Irwxrwarwx
1 root root
24 Oct 14 22:12 vmlinuz
->
vmlinuz-6.2.0-34-generic
-W-r-
-f-
1 root root
15M Dec
9
2022 vmlinuz-5.19.0-21-generic
- TW
1 root root
16M Sep
4 07:49 vmlinuz-6.2.0-34-generic
Irwxrwxrwx 1 root root
25 Oct 14 22:12 vmlinuz.old -> vmlinuz-5.19.0-21-generic
gabriela@gabriela-virtual-machine:/$mkdir~/testdir
gabriela@gabriela-virtual-machine:$ cd /etc ; mkdir
~/newdir
gabriela@gabriela-virtual-machine:/etcsmkdir
-D
~/dir1/dir2/dir3
gabriela@gabriela-virtual-machine:/etc$ rmdir testdir
rndir: failed to remove
"testdir': No such file or directory
gabriela@gabriela-virtual-machine:/etc$cd
gabriela@gabriela-virtual-machine:/$ man bash
gabriela@gabriela-virtual-machine:/S/pushd
bash: /pushd: No such file or directory
gabriela@gabriela-virtual-machine:$n
In: command not found
gabriela@gabriela-virtual-machine:$cd/bin
bash: cd/bin: No such file or directory
gabriela@gabriela-virtual-machine:$cd/bin
gabriela@gabriela-virtual-machine:/bin$pushd/lib
/lib /bin
gabriela@gabriela-virtual-machine:/lib$pushd/proc
/proc /lib /bin
gabriela@gabriela-virtual-machine:/proc$popd
/lib /bin
gabriela@gabriela-virtual-machine:/libspopd
/proc /lib /bin
gabriela@gabriela-virtual-machine:/proc$popd
/lib /bin
gabriela@gabriela-virtual-machine:/lib$popd
/bin
gabriela@gabriela-virtual-machine:/bin$cd
gabriela@gabriela-virtual-machine:$ file pic33.png
pic33.png: cannot open
"pic33.png'
(No such file or directory)
gabriela@gabriela-virtual-machine:/$file/etc/passwd
/etc/passwd: ASCII text
gabriela@gabriela-virtual-machine:$ file Helloworld.c
HelloWorld.c: cannot open
"Helloworld.c'
(No such file or directory)
gabriela@gabriela-virtual-machine:$ls
-1
bin
boot
cdrom
dev
letc
home
lib
Lost+found
media
mnt
opt
proc
root
run
sbin
snap
srv
swapfile
sys
Itmp
usr
var
gabriela@gabriela-virtual-machine:/$ touch file42
touch: cannot touch
"file42': Permission denied
gabriela@gabriela-virtual-machine:$ touch file33
touch: cannot touch
"file33': Permission denied
gabriela@gabriela-virtual-machine:/$ls
-1
bin
boot
cdrom
dev
etc
home
lib
lost+found
media
Imnt
opt
proc
root
run
sbin
snap
ISrV
swapfile
SyS
Itmp
usr
var
gabriela@gabriela-virtual-machine:/$ mkdir test
mkdir: cannot create directory
"test': Permission denied
gabriela@gabriela-virtual-machine:/Srmtest
rm: cannot remove
"test': No such file or directory
gabriela@gabriela-virtual-machine:/Srm-rftest
gabriela@gabriela-virtual-machine:$ ls test
ls: cannot access
"test': No such file or directory
